[90m17:19:16[0m [32mINF[0m [../../utils/logger.go:43] [1minit logger[0m
=== RUN   TestBuildCodeBaseCtxOps_ExtractDefs
=== RUN   TestBuildCodeBaseCtxOps_ExtractDefs/test_build_code_base_extract_definition
[90m17:19:16[0m [32mINF[0m [../../database/db_client.go:37] [1mconnect to mongodb[0m [36muri=[0mmongodb://localhost:27017
declare_file: codebase/common/type.go
declare_file: codebase/common/type.go
declare_file: codebase/common/type.go
declare_file: codebase/common/type.go
declare_file: codebase/common/type.go
declare_file: codebase/common/type.go
declare_file: codebase/common/utils.go
declare_file: codebase/common/type.go
declare_file: codebase/common/type.go
declare_file: codebase/common/type.go
declare_file: codebase/common/type.go
declare_file: codebase/common/type.go
declare_file: codebase/common/type.go
declare_file: codebase/common/type.go
declare_file: codebase/common/type.go
declare_file: codebase/common/utils.go
declare_file: codebase/common/type.go
declare_file: codebase/common/utils.go
declare_file: codebase/common/type.go
declare_file: codebase/common/utils.go
declare_file: codebase/common/type.go
declare_file: codebase/common/utils.go
declare_file: codebase/common/utils.go
declare_file: codebase/common/utils.go
declare_file: database/db_ops.go
declare_file: codebase/common/utils.go
declare_file: database/db_ops.go
declare_file: database/db_ops.go
declare_file: database/db_ops.go
declare_file: database/db_ops.go
declare_file: codebase/common/utils.go
declare_file: database/db_ops.go
declare_file: codebase/common/utils.go
declare_file: codebase/common/utils.go
declare_file: codebase/common/utils.go
declare_file: database/db_ops.go
declare_file: database/db_ops.go
declare_file: codebase/impl/go_impl_db.go
declare_file: codebase/impl/go_impl_db.go
declare_file: codebase/common/type.go
declare_file: codebase/common/type.go
declare_file: codebase/common/type.go
declare_file: codebase/common/type.go
declare_file: codebase/common/type.go
declare_file: codebase/common/type.go
declare_file: codebase/common/type.go
declare_file: codebase/common/utils.go
declare_file: codebase/common/type.go
declare_file: codebase/common/type.go
declare_file: codebase/common/utils.go
declare_file: codebase/common/utils.go
declare_file: codebase/common/utils.go
declare_file: codebase/common/utils.go
declare_file: codebase/common/type.go
declare_file: codebase/common/type.go
declare_file: codebase/common/type.go
declare_file: codebase/common/type.go
declare_file: codebase/common/type.go
declare_file: codebase/common/type.go
declare_file: codebase/common/utils.go
declare_file: codebase/common/type.go
declare_file: codebase/common/type.go
declare_file: codebase/common/type.go
declare_file: codebase/common/type.go
declare_file: codebase/common/utils.go
declare_file: codebase/common/type.go
declare_file: codebase/common/utils.go
declare_file: codebase/common/utils.go
declare_file: codebase/common/utils.go
declare_file: codebase/common/utils.go
declare_file: codebase/common/utils.go
declare_file: database/db_ops.go
declare_file: codebase/common/utils.go
declare_file: database/db_ops.go
declare_file: database/db_ops.go
declare_file: database/db_ops.go
declare_file: database/db_ops.go
declare_file: codebase/common/utils.go
declare_file: codebase/common/utils.go
declare_file: codebase/common/utils.go
declare_file: database/db_ops.go
declare_file: database/db_ops.go
declare_file: database/db_ops.go
declare_file: codebase/impl/go_impl_db.go
declare_file: database/db_client.go
declare_file: codebase/impl/go_impl_db.go
declare_file: codebase/impl/go_impl_db.go
declare_file: database/db_client.go
declare_file: database/db_client.go
declare_file: codebase/impl/go_impl_db.go
declare_file: codebase/impl/go_impl_db.go
declare_file: codebase/impl/go_impl.go
declare_file: codebase/impl/go_impl_db.go
declare_file: codebase/impl/go_impl.go
declare_file: codebase/impl/go_impl.go
declare_file: database/db_client.go
declare_file: codebase/impl/go_impl_db.go
declare_file: codebase/impl/go_impl_db.go
declare_file: database/db_client.go
declare_file: codebase/impl/go_impl.go
declare_file: codebase/impl/go_impl_db.go
declare_file: database/db_client.go
declare_file: codebase/impl/go_impl.go
declare_file: codebase/impl/go_impl_db.go
declare_file: codebase/impl/go_impl_db.go
declare_file: database/db_client.go
declare_file: database/db_client.go
declare_file: database/db_client.go
======================[os function Getwd]  utils/logger.go
[github.com/rs/zerolog/log var Logger Logger]  utils/logger.go
[github.com/rs/zerolog method Logger With]  utils/logger.go
[github.com/rs/zerolog/log function Info]  utils/logger.go
[github.com/rs/zerolog function New]  utils/logger.go
[github.com/rs/zerolog method Context Timestamp]  utils/logger.go
[github.com/rs/zerolog method Context Caller]  utils/logger.go
[github.com/rs/zerolog type ConsoleWriter]  utils/logger.go
[os var Stdout File]  utils/logger.go
[github.com/rs/zerolog method Context Logger]  utils/logger.go
[path/filepath function Rel]  utils/logger.go
[fmt function Sprintf]  utils/logger.go
[github.com/rs/zerolog method Logger Level]  utils/logger.go
[github.com/rs/zerolog method Event Msg]  utils/logger.go
[github.com/tree-sitter/go-tree-sitter type Node]  codebase/common/type.go
[io/fs type DirEntry]  codebase/common/type.go
[github.com/tree-sitter/go-tree-sitter method Node Child]  codebase/common/utils.go
[github.com/rs/zerolog method Event Msgf]  codebase/common/utils.go
[bufio function NewScanner]  codebase/common/utils.go
[bufio method Scanner Scan]  codebase/common/utils.go
[path/filepath function Clean]  codebase/common/utils.go
[github.com/tree-sitter/go-tree-sitter method Node ChildCount]  codebase/common/utils.go
[type FileOps] codebase/common/type.go codebase/common/utils.go
[github.com/sabhiram/go-gitignore function CompileIgnoreFile]  codebase/common/utils.go
[method Node Child] codebase/common/type.go codebase/common/utils.go
[os method File Close]  codebase/common/utils.go
[bufio method Scanner Err]  codebase/common/utils.go
[strings function Split]  codebase/common/utils.go
[io/fs type DirEntry]  codebase/common/utils.go
[bufio method Scanner Text]  codebase/common/utils.go
[strings function TrimPrefix]  codebase/common/utils.go
[type AstNodeOps] codebase/common/type.go codebase/common/utils.go
[path/filepath function Rel]  codebase/common/utils.go
[github.com/sabhiram/go-gitignore method GitIgnore MatchesPath]  codebase/common/utils.go
[io/fs method DirEntry IsDir]  codebase/common/utils.go
[fmt function Errorf]  codebase/common/utils.go
[os function ReadDir]  codebase/common/utils.go
[io/fs method DirEntry Name]  codebase/common/utils.go
[method Node AddChild] codebase/common/type.go codebase/common/utils.go
[github.com/sabhiram/go-gitignore type GitIgnore]  codebase/common/utils.go
[github.com/tree-sitter/go-tree-sitter type Node]  codebase/common/utils.go
[github.com/rs/zerolog method Event Err]  codebase/common/utils.go
[os function Open]  codebase/common/utils.go
[path/filepath function Join]  codebase/common/utils.go
[type Node] codebase/common/type.go codebase/common/utils.go
[github.com/rs/zerolog method Event Str]  codebase/common/utils.go
[github.com/rs/zerolog method Event Msg]  codebase/common/utils.go
[io/fs method DirEntry Type]  codebase/common/utils.go
[os function Stat]  codebase/common/utils.go
[type NodeOps] codebase/common/type.go codebase/common/utils.go
[github.com/rs/zerolog/log function Error]  codebase/common/utils.go
[io/fs function FileInfoToDirEntry]  codebase/common/utils.go
[strings function TrimSpace]  codebase/common/utils.go
[strings function HasPrefix]  codebase/common/utils.go
[go.mongodb.org/mongo-driver/mongo/options method ClientOptions ApplyURI]  database/db_client.go
[github.com/rs/zerolog method Event Str]  database/db_client.go
[go.mongodb.org/mongo-driver/mongo method Client Ping]  database/db_client.go
[github.com/rs/zerolog/log function Info]  database/db_client.go
[go.mongodb.org/mongo-driver/mongo method Client Disconnect]  database/db_client.go
[go.mongodb.org/mongo-driver/mongo type Client]  database/db_client.go
[go.mongodb.org/mongo-driver/mongo function Connect]  database/db_client.go
[context function TODO]  database/db_client.go
[github.com/rs/zerolog/log function Fatal]  database/db_client.go
[github.com/rs/zerolog method Event Err]  database/db_client.go
[github.com/rs/zerolog method Event Msg]  database/db_client.go
[os function Getenv]  database/db_client.go
[go.mongodb.org/mongo-driver/mongo/options function Client]  database/db_client.go
[go.mongodb.org/mongo-driver/bson type M]  database/db_ops.go
[go/ast function Inspect]  codebase/impl/go_impl.go
[go/ast type Node]  codebase/impl/go_impl.go
[path/filepath function Dir]  codebase/impl/go_impl.go
[github.com/tree-sitter/go-tree-sitter method Node ByteRange]  codebase/impl/go_impl.go
[function WalkAst] codebase/common/utils.go codebase/impl/go_impl.go
[path/filepath function Rel]  codebase/impl/go_impl.go
[io/fs type DirEntry]  codebase/impl/go_impl.go
[io/fs method DirEntry IsDir]  codebase/impl/go_impl.go
[github.com/tree-sitter/go-tree-sitter method Parser Parse]  codebase/impl/go_impl.go
[type Dir] codebase/common/type.go codebase/impl/go_impl.go
[go/token function NewFileSet]  codebase/impl/go_impl.go
[github.com/rs/zerolog method Event Msg]  codebase/impl/go_impl.go
[github.com/tree-sitter/go-tree-sitter method Node StartByte]  codebase/impl/go_impl.go
[github.com/rs/zerolog method Event Str]  codebase/impl/go_impl.go
[os function ReadFile]  codebase/impl/go_impl.go
[github.com/tree-sitter/go-tree-sitter function NewParser]  codebase/impl/go_impl.go
[github.com/tree-sitter/go-tree-sitter method Parser SetLanguage]  codebase/impl/go_impl.go
[github.com/tree-sitter/tree-sitter-go/bindings/go function Language]  codebase/impl/go_impl.go
[strings function IndexRune]  codebase/impl/go_impl.go
[golang.org/x/tools/go/packages type Config]  codebase/impl/go_impl.go
[golang.org/x/tools/go/packages function Load]  codebase/impl/go_impl.go
[github.com/rs/zerolog/log function Error]  codebase/impl/go_impl.go
[github.com/rs/zerolog method Event Err]  codebase/impl/go_impl.go
[go/ast type Ident]  codebase/impl/go_impl.go
[go/token method FileSet Position]  codebase/impl/go_impl.go
[github.com/rs/zerolog method Event Int]  codebase/impl/go_impl.go
[github.com/tree-sitter/go-tree-sitter type Point]  codebase/impl/go_impl.go
[github.com/tree-sitter/go-tree-sitter method Node Kind]  codebase/impl/go_impl.go
[type Node] codebase/common/type.go codebase/impl/go_impl.go
[type File] codebase/common/type.go codebase/impl/go_impl.go
[fmt function Sprintf]  codebase/impl/go_impl.go
[github.com/tree-sitter/go-tree-sitter method Node Child]  codebase/impl/go_impl.go
[github.com/tree-sitter/go-tree-sitter method Node ChildByFieldName]  codebase/impl/go_impl.go
[github.com/tree-sitter/go-tree-sitter method Node StartPosition]  codebase/impl/go_impl.go
[method Node AddExternalNode] codebase/common/type.go codebase/impl/go_impl.go
[path/filepath function Ext]  codebase/impl/go_impl.go
[github.com/tree-sitter/go-tree-sitter type Node]  codebase/impl/go_impl.go
[github.com/tree-sitter/go-tree-sitter function NewLanguage]  codebase/impl/go_impl.go
[fmt function Printf]  codebase/impl/go_impl.go
[strings function HasPrefix]  codebase/impl/go_impl.go
[function GenIgnoreOps] codebase/common/utils.go codebase/impl/go_impl.go
[github.com/tree-sitter/go-tree-sitter method Tree RootNode]  codebase/impl/go_impl.go
[github.com/rs/zerolog/log function Info]  codebase/impl/go_impl.go
[go/types method Object Pos]  codebase/impl/go_impl.go
[io/fs method DirEntry Name]  codebase/impl/go_impl.go
[function CommonPrefix] codebase/common/utils.go codebase/impl/go_impl.go
[function WalkDirGenNode] codebase/common/utils.go codebase/impl/go_impl.go
[github.com/rs/zerolog method Event Msgf]  codebase/impl/go_impl.go
[method Node Key] codebase/common/type.go codebase/impl/go_impl.go
[function WalkNode] codebase/common/utils.go codebase/impl/go_impl.go
[go/types method object Name]  codebase/impl/go_impl_db.go
[go.mongodb.org/mongo-driver/mongo method Collection UpdateByID]  codebase/impl/go_impl_db.go
[go.mongodb.org/mongo-driver/mongo method Collection InsertMany]  codebase/impl/go_impl_db.go
[go/token method FileSet Position]  codebase/impl/go_impl_db.go
[method FileFilter FilterSymlink] codebase/common/utils.go codebase/impl/go_impl_db.go
[method FileFilter FilterGitIgnore] codebase/common/utils.go codebase/impl/go_impl_db.go
[path/filepath var SkipDir error]  codebase/impl/go_impl_db.go
[function NewFilterKV] database/db_ops.go codebase/impl/go_impl_db.go
[go.mongodb.org/mongo-driver/mongo type Database]  codebase/impl/go_impl_db.go
[path/filepath function Dir]  codebase/impl/go_impl_db.go
[github.com/tree-sitter/go-tree-sitter method Node Kind]  codebase/impl/go_impl_db.go
[function GetModulePath] codebase/common/utils.go codebase/impl/go_impl_db.go
[go/types type Var]  codebase/impl/go_impl_db.go
[go/types type TypeName]  codebase/impl/go_impl_db.go
[github.com/tree-sitter/go-tree-sitter method Node Child]  codebase/impl/go_impl_db.go
[context function TODO]  codebase/impl/go_impl_db.go
[method MongoDBFilterBuilder AddFilter] database/db_ops.go codebase/impl/go_impl_db.go
[go/types method Type String]  codebase/impl/go_impl_db.go
[go.mongodb.org/mongo-driver/mongo method Database Collection]  codebase/impl/go_impl_db.go
[go.mongodb.org/mongo-driver/mongo method Cursor All]  codebase/impl/go_impl_db.go
[github.com/tree-sitter/go-tree-sitter method Parser Parse]  codebase/impl/go_impl_db.go
[io/fs method DirEntry IsDir]  codebase/impl/go_impl_db.go
[go/types type Func]  codebase/impl/go_impl_db.go
[github.com/tree-sitter/go-tree-sitter method Node ChildByFieldName]  codebase/impl/go_impl_db.go
[github.com/tree-sitter/go-tree-sitter method Node StartByte]  codebase/impl/go_impl_db.go
[go.mongodb.org/mongo-driver/mongo method Cursor Close]  codebase/impl/go_impl_db.go
[go/ast type Ident]  codebase/impl/go_impl_db.go
[go/types method Object Pos]  codebase/impl/go_impl_db.go
[os function ReadFile]  codebase/impl/go_impl_db.go
[method MongoDBFilterBuilder AddKV] database/db_ops.go codebase/impl/go_impl_db.go
[go/types method Object Pkg]  codebase/impl/go_impl_db.go
[strings function LastIndex]  codebase/impl/go_impl_db.go
[go/types method Func Signature]  codebase/impl/go_impl_db.go
[github.com/rs/zerolog method Event Msg]  codebase/impl/go_impl_db.go
[go/ast type Node]  codebase/impl/go_impl_db.go
[github.com/tree-sitter/go-tree-sitter function NewParser]  codebase/impl/go_impl_db.go
[github.com/rs/zerolog method Event Any]  codebase/impl/go_impl_db.go
[golang.org/x/tools/go/packages function Load]  codebase/impl/go_impl_db.go
[function NewFilter] codebase/common/utils.go codebase/impl/go_impl_db.go
[function NewFilter] database/db_ops.go codebase/impl/go_impl_db.go
[go/types type PkgName]  codebase/impl/go_impl_db.go
[go/types method Signature Recv]  codebase/impl/go_impl_db.go
[github.com/tree-sitter/go-tree-sitter method Node ByteRange]  codebase/impl/go_impl_db.go
[function CommonRootDir] codebase/common/utils.go codebase/impl/go_impl_db.go
[go/token type Position]  codebase/impl/go_impl_db.go
[github.com/tree-sitter/go-tree-sitter function NewLanguage]  codebase/impl/go_impl_db.go
[go/types method object Type]  codebase/impl/go_impl_db.go
[function WalkAst] codebase/common/utils.go codebase/impl/go_impl_db.go
[method FileFilter Keep] codebase/common/utils.go codebase/impl/go_impl_db.go
[go.mongodb.org/mongo-driver/bson/primitive type ObjectID]  codebase/impl/go_impl_db.go
[fmt function Printf]  codebase/impl/go_impl_db.go
[go/types type Object]  codebase/impl/go_impl_db.go
[golang.org/x/tools/go/packages type Config]  codebase/impl/go_impl_db.go
[go/token function NewFileSet]  codebase/impl/go_impl_db.go
[go/ast function Inspect]  codebase/impl/go_impl_db.go
[github.com/tree-sitter/go-tree-sitter method Parser SetLanguage]  codebase/impl/go_impl_db.go
[github.com/rs/zerolog method Event Err]  codebase/impl/go_impl_db.go
[strings function HasPrefix]  codebase/impl/go_impl_db.go
[go/types method Object Name]  codebase/impl/go_impl_db.go
[github.com/rs/zerolog/log function Info]  codebase/impl/go_impl_db.go
[github.com/rs/zerolog/log function Error]  codebase/impl/go_impl_db.go
[go.mongodb.org/mongo-driver/mongo method Collection Find]  codebase/impl/go_impl_db.go
[github.com/tree-sitter/tree-sitter-go/bindings/go function Language]  codebase/impl/go_impl_db.go
[github.com/tree-sitter/go-tree-sitter method Tree RootNode]  codebase/impl/go_impl_db.go
[path/filepath function WalkDir]  codebase/impl/go_impl_db.go
[io/fs method DirEntry Name]  codebase/impl/go_impl_db.go
[github.com/tree-sitter/go-tree-sitter type Node]  codebase/impl/go_impl_db.go
[github.com/tree-sitter/go-tree-sitter method Node ChildCount]  codebase/impl/go_impl_db.go
[github.com/rs/zerolog method Event Int]  codebase/impl/go_impl_db.go
[github.com/rs/zerolog method Event Msgf]  codebase/impl/go_impl_db.go
[io/fs type DirEntry]  codebase/impl/go_impl_db.go
[go.mongodb.org/mongo-driver/bson type M]  codebase/impl/go_impl_db.go
[method MongoDBFilterBuilder Build] database/db_ops.go codebase/impl/go_impl_db.go
[path/filepath function Rel]  codebase/impl/go_impl_db.go
[path/filepath function Ext]  codebase/impl/go_impl_db.go
[go/types method Var IsField]  codebase/impl/go_impl_db.go
[github.com/sabhiram/go-gitignore function CompileIgnoreFile]  codebase/impl/go_impl_db.go
[path/filepath function Join]  codebase/impl/go_impl_db.go
[go/types method Package Path]  codebase/impl/go_impl_db.go
[type BuildCodeBaseCtxOps] codebase/impl/go_impl_db.go main.go
[method BuildCodeBaseCtxOps ExtractDefs] codebase/impl/go_impl_db.go main.go
[fmt function Println]  main.go
[github.com/tree-sitter/go-tree-sitter function NewParser]  codebase/parse.go
[github.com/tree-sitter/go-tree-sitter method Parser SetLanguage]  codebase/parse.go
[github.com/tree-sitter/go-tree-sitter function NewLanguage]  codebase/parse.go
[github.com/tree-sitter/tree-sitter-go/bindings/go function Language]  codebase/parse.go
[io/fs type DirEntry]  codebase/common/type.go
[github.com/tree-sitter/go-tree-sitter type Node]  codebase/common/type.go
[github.com/rs/zerolog/log function Error]  codebase/common/utils.go
[io/fs method DirEntry Type]  codebase/common/utils.go
[github.com/rs/zerolog method Event Err]  codebase/common/utils.go
[bufio method Scanner Scan]  codebase/common/utils.go
[strings function Split]  codebase/common/utils.go
[github.com/tree-sitter/go-tree-sitter type Node]  codebase/common/utils.go
[github.com/rs/zerolog method Event Msgf]  codebase/common/utils.go
[github.com/rs/zerolog method Event Str]  codebase/common/utils.go
[io/fs function FileInfoToDirEntry]  codebase/common/utils.go
[method Node AddChild] codebase/common/type.go codebase/common/utils.go
[os method File Close]  codebase/common/utils.go
[bufio function NewScanner]  codebase/common/utils.go
[strings function TrimPrefix]  codebase/common/utils.go
[type FileOps] codebase/common/type.go codebase/common/utils.go
[bufio method Scanner Text]  codebase/common/utils.go
[io/fs method DirEntry Name]  codebase/common/utils.go
[type NodeOps] codebase/common/type.go codebase/common/utils.go
[method Node Child] codebase/common/type.go codebase/common/utils.go
[github.com/sabhiram/go-gitignore type GitIgnore]  codebase/common/utils.go
[os function Open]  codebase/common/utils.go
[strings function TrimSpace]  codebase/common/utils.go
[path/filepath function Join]  codebase/common/utils.go
[type Node] codebase/common/type.go codebase/common/utils.go
[path/filepath function Rel]  codebase/common/utils.go
[fmt function Errorf]  codebase/common/utils.go
[github.com/tree-sitter/go-tree-sitter method Node Child]  codebase/common/utils.go
[github.com/rs/zerolog method Event Msg]  codebase/common/utils.go
[os function Stat]  codebase/common/utils.go
[io/fs method DirEntry IsDir]  codebase/common/utils.go
[bufio method Scanner Err]  codebase/common/utils.go
[type AstNodeOps] codebase/common/type.go codebase/common/utils.go
[io/fs type DirEntry]  codebase/common/utils.go
[github.com/sabhiram/go-gitignore method GitIgnore MatchesPath]  codebase/common/utils.go
[os function ReadDir]  codebase/common/utils.go
[github.com/tree-sitter/go-tree-sitter method Node ChildCount]  codebase/common/utils.go
[strings function HasPrefix]  codebase/common/utils.go
[path/filepath function Clean]  codebase/common/utils.go
[github.com/sabhiram/go-gitignore function CompileIgnoreFile]  codebase/common/utils.go
[github.com/tree-sitter/go-tree-sitter function NewLanguage]  codebase/common/utils_test.go
[github.com/tree-sitter/tree-sitter-go/bindings/go function Language]  codebase/common/utils_test.go
[github.com/tree-sitter/go-tree-sitter type Node]  codebase/common/utils_test.go
[fmt function Printf]  codebase/common/utils_test.go
[type AstNodeOps] codebase/common/type.go codebase/common/utils_test.go
[testing method T Run]  codebase/common/utils_test.go
[function WalkAst] codebase/common/utils.go codebase/common/utils_test.go
[type Node] codebase/common/type.go codebase/common/utils_test.go
[github.com/tree-sitter/go-tree-sitter function NewParser]  codebase/common/utils_test.go
[github.com/tree-sitter/go-tree-sitter method Tree RootNode]  codebase/common/utils_test.go
[type FileOps] codebase/common/type.go codebase/common/utils_test.go
[function GenIgnoreOps] codebase/common/utils.go codebase/common/utils_test.go
[testing type T]  codebase/common/utils_test.go
[github.com/tree-sitter/go-tree-sitter method Parser SetLanguage]  codebase/common/utils_test.go
[github.com/tree-sitter/go-tree-sitter method Parser Parse]  codebase/common/utils_test.go
[github.com/tree-sitter/go-tree-sitter method Node Kind]  codebase/common/utils_test.go
[io/fs type DirEntry]  codebase/common/utils_test.go
[io/fs method DirEntry Name]  codebase/common/utils_test.go
[function WalkNode] codebase/common/utils.go codebase/common/utils_test.go
[io/fs method DirEntry IsDir]  codebase/common/utils_test.go
[function WalkDirGenNode] codebase/common/utils.go codebase/common/utils_test.go
[strings function IndexRune]  codebase/impl/go_impl.go
[os function ReadFile]  codebase/impl/go_impl.go
[github.com/tree-sitter/go-tree-sitter type Point]  codebase/impl/go_impl.go
[github.com/tree-sitter/go-tree-sitter method Node Kind]  codebase/impl/go_impl.go
[github.com/rs/zerolog method Event Err]  codebase/impl/go_impl.go
[go/types method Object Pos]  codebase/impl/go_impl.go
[function WalkDirGenNode] codebase/common/utils.go codebase/impl/go_impl.go
[github.com/tree-sitter/go-tree-sitter method Node StartPosition]  codebase/impl/go_impl.go
[fmt function Printf]  codebase/impl/go_impl.go
[github.com/tree-sitter/go-tree-sitter method Node ByteRange]  codebase/impl/go_impl.go
[github.com/tree-sitter/tree-sitter-go/bindings/go function Language]  codebase/impl/go_impl.go
[method Node Key] codebase/common/type.go codebase/impl/go_impl.go
[github.com/tree-sitter/go-tree-sitter method Parser SetLanguage]  codebase/impl/go_impl.go
[golang.org/x/tools/go/packages function Load]  codebase/impl/go_impl.go
[fmt function Sprintf]  codebase/impl/go_impl.go
[type Node] codebase/common/type.go codebase/impl/go_impl.go
[type File] codebase/common/type.go codebase/impl/go_impl.go
[go/ast type Ident]  codebase/impl/go_impl.go
[function WalkAst] codebase/common/utils.go codebase/impl/go_impl.go
[io/fs type DirEntry]  codebase/impl/go_impl.go
[path/filepath function Rel]  codebase/impl/go_impl.go
[method Node AddExternalNode] codebase/common/type.go codebase/impl/go_impl.go
[golang.org/x/tools/go/packages type Config]  codebase/impl/go_impl.go
[go/token method FileSet Position]  codebase/impl/go_impl.go
[github.com/tree-sitter/go-tree-sitter type Node]  codebase/impl/go_impl.go
[github.com/tree-sitter/go-tree-sitter method Node Child]  codebase/impl/go_impl.go
[strings function HasPrefix]  codebase/impl/go_impl.go
[github.com/tree-sitter/go-tree-sitter method Parser Parse]  codebase/impl/go_impl.go
[github.com/rs/zerolog method Event Msg]  codebase/impl/go_impl.go
[go/ast function Inspect]  codebase/impl/go_impl.go
[github.com/rs/zerolog method Event Int]  codebase/impl/go_impl.go
[path/filepath function Ext]  codebase/impl/go_impl.go
[function CommonPrefix] codebase/common/utils.go codebase/impl/go_impl.go
[github.com/rs/zerolog method Event Str]  codebase/impl/go_impl.go
[github.com/tree-sitter/go-tree-sitter method Tree RootNode]  codebase/impl/go_impl.go
[type Dir] codebase/common/type.go codebase/impl/go_impl.go
[go/token function NewFileSet]  codebase/impl/go_impl.go
[github.com/rs/zerolog/log function Error]  codebase/impl/go_impl.go
[github.com/rs/zerolog/log function Info]  codebase/impl/go_impl.go
[io/fs method DirEntry IsDir]  codebase/impl/go_impl.go
[github.com/tree-sitter/go-tree-sitter method Node ChildByFieldName]  codebase/impl/go_impl.go
[github.com/tree-sitter/go-tree-sitter method Node StartByte]  codebase/impl/go_impl.go
[function WalkNode] codebase/common/utils.go codebase/impl/go_impl.go
[go/ast type Node]  codebase/impl/go_impl.go
[github.com/rs/zerolog method Event Msgf]  codebase/impl/go_impl.go
[function GenIgnoreOps] codebase/common/utils.go codebase/impl/go_impl.go
[github.com/tree-sitter/go-tree-sitter function NewParser]  codebase/impl/go_impl.go
[io/fs method DirEntry Name]  codebase/impl/go_impl.go
[github.com/tree-sitter/go-tree-sitter function NewLanguage]  codebase/impl/go_impl.go
[path/filepath function Dir]  codebase/impl/go_impl.go
[github.com/tree-sitter/go-tree-sitter method Node ChildCount]  codebase/impl/go_impl_db.go
[go.mongodb.org/mongo-driver/mongo method Collection UpdateByID]  codebase/impl/go_impl_db.go
[go/token function NewFileSet]  codebase/impl/go_impl_db.go
[go/token method FileSet Position]  codebase/impl/go_impl_db.go
[github.com/tree-sitter/go-tree-sitter method Parser SetLanguage]  codebase/impl/go_impl_db.go
[github.com/tree-sitter/go-tree-sitter method Tree RootNode]  codebase/impl/go_impl_db.go
[github.com/tree-sitter/go-tree-sitter method Node Kind]  codebase/impl/go_impl_db.go
[function WalkAst] codebase/common/utils.go codebase/impl/go_impl_db.go
[method FileFilter Keep] codebase/common/utils.go codebase/impl/go_impl_db.go
[fmt function Printf]  codebase/impl/go_impl_db.go
[github.com/tree-sitter/go-tree-sitter method Node ChildByFieldName]  codebase/impl/go_impl_db.go
[github.com/rs/zerolog method Event Int]  codebase/impl/go_impl_db.go
[io/fs type DirEntry]  codebase/impl/go_impl_db.go
[github.com/sabhiram/go-gitignore function CompileIgnoreFile]  codebase/impl/go_impl_db.go
[path/filepath function Join]  codebase/impl/go_impl_db.go
[go/types method Var IsField]  codebase/impl/go_impl_db.go
[go/types type TypeName]  codebase/impl/go_impl_db.go
[go/types type Object]  codebase/impl/go_impl_db.go
[path/filepath function WalkDir]  codebase/impl/go_impl_db.go
[go.mongodb.org/mongo-driver/bson type M]  codebase/impl/go_impl_db.go
[path/filepath function Ext]  codebase/impl/go_impl_db.go
[go/types method Signature Recv]  codebase/impl/go_impl_db.go
[function CommonRootDir] codebase/common/utils.go codebase/impl/go_impl_db.go
[go.mongodb.org/mongo-driver/mongo method Cursor All]  codebase/impl/go_impl_db.go
[go/token type Position]  codebase/impl/go_impl_db.go
[github.com/tree-sitter/go-tree-sitter function NewParser]  codebase/impl/go_impl_db.go
[github.com/rs/zerolog method Event Err]  codebase/impl/go_impl_db.go
[go.mongodb.org/mongo-driver/mongo method Cursor Close]  codebase/impl/go_impl_db.go
[go/types method Type String]  codebase/impl/go_impl_db.go
[io/fs method DirEntry Name]  codebase/impl/go_impl_db.go
[go/ast type Node]  codebase/impl/go_impl_db.go
[github.com/tree-sitter/go-tree-sitter function NewLanguage]  codebase/impl/go_impl_db.go
[github.com/tree-sitter/go-tree-sitter method Parser Parse]  codebase/impl/go_impl_db.go
[go.mongodb.org/mongo-driver/bson/primitive type ObjectID]  codebase/impl/go_impl_db.go
[io/fs method DirEntry IsDir]  codebase/impl/go_impl_db.go
[github.com/rs/zerolog/log function Error]  codebase/impl/go_impl_db.go
[github.com/rs/zerolog method Event Msgf]  codebase/impl/go_impl_db.go
[method FileFilter FilterGitIgnore] codebase/common/utils.go codebase/impl/go_impl_db.go
[go/types type PkgName]  codebase/impl/go_impl_db.go
[go/types method Object Pos]  codebase/impl/go_impl_db.go
[function NewFilterKV] database/db_ops.go codebase/impl/go_impl_db.go
[go/types method Object Name]  codebase/impl/go_impl_db.go
[go/types method Package Path]  codebase/impl/go_impl_db.go
[go/types method object Type]  codebase/impl/go_impl_db.go
[go/types type Func]  codebase/impl/go_impl_db.go
[github.com/rs/zerolog method Event Any]  codebase/impl/go_impl_db.go
[github.com/rs/zerolog method Event Msg]  codebase/impl/go_impl_db.go
[go/types type Var]  codebase/impl/go_impl_db.go
[method MongoDBFilterBuilder AddKV] database/db_ops.go codebase/impl/go_impl_db.go
[strings function HasPrefix]  codebase/impl/go_impl_db.go
[go.mongodb.org/mongo-driver/mongo method Collection InsertMany]  codebase/impl/go_impl_db.go
[function NewFilter] codebase/common/utils.go codebase/impl/go_impl_db.go
[path/filepath var SkipDir error]  codebase/impl/go_impl_db.go
[go/types method Func Signature]  codebase/impl/go_impl_db.go
[github.com/tree-sitter/go-tree-sitter type Node]  codebase/impl/go_impl_db.go
[method FileFilter FilterSymlink] codebase/common/utils.go codebase/impl/go_impl_db.go
[path/filepath function Dir]  codebase/impl/go_impl_db.go
[os function ReadFile]  codebase/impl/go_impl_db.go
[function GetModulePath] codebase/common/utils.go codebase/impl/go_impl_db.go
[github.com/tree-sitter/go-tree-sitter method Node Child]  codebase/impl/go_impl_db.go
[github.com/rs/zerolog/log function Info]  codebase/impl/go_impl_db.go
[golang.org/x/tools/go/packages type Config]  codebase/impl/go_impl_db.go
[golang.org/x/tools/go/packages function Load]  codebase/impl/go_impl_db.go
[go/ast type Ident]  codebase/impl/go_impl_db.go
[github.com/tree-sitter/tree-sitter-go/bindings/go function Language]  codebase/impl/go_impl_db.go
[go.mongodb.org/mongo-driver/mongo method Database Collection]  codebase/impl/go_impl_db.go
[context function TODO]  codebase/impl/go_impl_db.go
[function NewFilter] database/db_ops.go codebase/impl/go_impl_db.go
[method MongoDBFilterBuilder AddFilter] database/db_ops.go codebase/impl/go_impl_db.go
[path/filepath function Rel]  codebase/impl/go_impl_db.go
[go/types method object Name]  codebase/impl/go_impl_db.go
[github.com/tree-sitter/go-tree-sitter method Node ByteRange]  codebase/impl/go_impl_db.go
[github.com/tree-sitter/go-tree-sitter method Node StartByte]  codebase/impl/go_impl_db.go
[method MongoDBFilterBuilder Build] database/db_ops.go codebase/impl/go_impl_db.go
[go.mongodb.org/mongo-driver/mongo type Database]  codebase/impl/go_impl_db.go
[strings function LastIndex]  codebase/impl/go_impl_db.go
[go.mongodb.org/mongo-driver/mongo method Collection Find]  codebase/impl/go_impl_db.go
[go/ast function Inspect]  codebase/impl/go_impl_db.go
[go/types method Object Pkg]  codebase/impl/go_impl_db.go
[testing type T]  codebase/impl/go_impl_db_test.go
[type Definition] codebase/impl/go_impl_db.go codebase/impl/go_impl_db_test.go
[function CloseDB] database/db_client.go codebase/impl/go_impl_db_test.go
[function genDefFilter] codebase/impl/go_impl_db.go codebase/impl/go_impl_db_test.go
[method BuildCodeBaseCtxOps findDefs] codebase/impl/go_impl_db.go codebase/impl/go_impl_db_test.go
[fmt function Printf]  codebase/impl/go_impl_db_test.go
[function InitDB] database/db_client.go codebase/impl/go_impl_db_test.go
[function GetDBClient] database/db_client.go codebase/impl/go_impl_db_test.go
[type BuildCodeBaseCtxOps] codebase/impl/go_impl_db.go codebase/impl/go_impl_db_test.go
[go.mongodb.org/mongo-driver/mongo method Client Database]  codebase/impl/go_impl_db_test.go
[testing method T Run]  codebase/impl/go_impl_db_test.go
[go/types method Object Pos]  codebase/impl/go_impl_test.go
[go/types method Object String]  codebase/impl/go_impl_test.go
[go.mongodb.org/mongo-driver/mongo method Collection InsertMany]  codebase/impl/go_impl_test.go
[go.mongodb.org/mongo-driver/bson type D]  codebase/impl/go_impl_test.go
[method fileSymExtractOps extractSymbol] codebase/impl/go_impl.go codebase/impl/go_impl_test.go
[path/filepath var SkipDir error]  codebase/impl/go_impl_test.go
[go/types type Func]  codebase/impl/go_impl_test.go
[testing method T Run]  codebase/impl/go_impl_test.go
[go/types method Config Check]  codebase/impl/go_impl_test.go
[type Definition] codebase/impl/go_impl_db.go codebase/impl/go_impl_test.go
[go/types method object Name]  codebase/impl/go_impl_test.go
[golang.org/x/tools/go/packages type Config]  codebase/impl/go_impl_test.go
[path/filepath function Join]  codebase/impl/go_impl_test.go
[go.mongodb.org/mongo-driver/bson type M]  codebase/impl/go_impl_test.go
[go.mongodb.org/mongo-driver/mongo/options method FindOptions SetSort]  codebase/impl/go_impl_test.go
[go.mongodb.org/mongo-driver/mongo method Collection Find]  codebase/impl/go_impl_test.go
[type fileSymExtractOps] codebase/impl/go_impl.go codebase/impl/go_impl_test.go
[go/types method Package Path]  codebase/impl/go_impl_test.go
[go/ast function Inspect]  codebase/impl/go_impl_test.go
[github.com/sabhiram/go-gitignore function CompileIgnoreFile]  codebase/impl/go_impl_test.go
[function BuildCodeBase] codebase/impl/go_impl.go codebase/impl/go_impl_test.go
[function CloseDB] database/db_client.go codebase/impl/go_impl_test.go
[go/types method Func Pkg]  codebase/impl/go_impl_test.go
[os type DirEntry]  codebase/impl/go_impl_test.go
[go.mongodb.org/mongo-driver/mongo method IndexView CreateOne]  codebase/impl/go_impl_test.go
[go.mongodb.org/mongo-driver/mongo method Client Database]  codebase/impl/go_impl_test.go
[fmt function Printf]  codebase/impl/go_impl_test.go
[go/ast type Node]  codebase/impl/go_impl_test.go
[type BuildCodeBaseCtxOps] codebase/impl/go_impl_db.go codebase/impl/go_impl_test.go
[go.mongodb.org/mongo-driver/mongo method Collection Indexes]  codebase/impl/go_impl_test.go
[go/ast type Ident]  codebase/impl/go_impl_test.go
[function GetDBClient] database/db_client.go codebase/impl/go_impl_test.go
[context function TODO]  codebase/impl/go_impl_test.go
[go.mongodb.org/mongo-driver/mongo method Cursor Decode]  codebase/impl/go_impl_test.go
[go/types type TypeName]  codebase/impl/go_impl_test.go
[go/types type Config]  codebase/impl/go_impl_test.go
[go/ast type File]  codebase/impl/go_impl_test.go
[golang.org/x/tools/go/packages function Load]  codebase/impl/go_impl_test.go
[go/types type Object]  codebase/impl/go_impl_test.go
[path/filepath function Rel]  codebase/impl/go_impl_test.go
[path/filepath function WalkDir]  codebase/impl/go_impl_test.go
[go.mongodb.org/mongo-driver/mongo method Cursor Next]  codebase/impl/go_impl_test.go
[testing type T]  codebase/impl/go_impl_test.go
[go/token function NewFileSet]  codebase/impl/go_impl_test.go
[function InitDB] database/db_client.go codebase/impl/go_impl_test.go
[go.mongodb.org/mongo-driver/mongo type IndexModel]  codebase/impl/go_impl_test.go
[go/types type Info]  codebase/impl/go_impl_test.go
[github.com/sabhiram/go-gitignore method GitIgnore MatchesPath]  codebase/impl/go_impl_test.go
[io/fs method DirEntry IsDir]  codebase/impl/go_impl_test.go
[go/importer function Default]  codebase/impl/go_impl_test.go
[fmt function Println]  codebase/impl/go_impl_test.go
[type CodeBase] codebase/impl/go_impl.go codebase/impl/go_impl_test.go
[method BuildCodeBaseCtxOps ExtractDefs] codebase/impl/go_impl_db.go codebase/impl/go_impl_test.go
[strconv function Itoa]  codebase/impl/go_impl_test.go
[go/token method FileSet Position]  codebase/impl/go_impl_test.go
[fmt function Sscanf]  codebase/impl/go_impl_test.go
[go.mongodb.org/mongo-driver/mongo method Database Collection]  codebase/impl/go_impl_test.go
[method Definition AddKeyword] codebase/impl/go_impl_db.go codebase/impl/go_impl_test.go
[go.mongodb.org/mongo-driver/mongo/options function Find]  codebase/impl/go_impl_test.go
[go/parser function ParseFile]  codebase/impl/go_impl_test.go
[go/ast type Expr]  codebase/impl/go_impl_test.go
[go/types type TypeAndValue]  codebase/impl/go_impl_test.go
[testing type T]  database/db_client_test.go
[function InitDB] database/db_client.go database/db_client_test.go
[function GetDBClient] database/db_client.go database/db_client_test.go
[go.mongodb.org/mongo-driver/mongo method Client Database]  database/db_client_test.go
[go.mongodb.org/mongo-driver/mongo method Database Collection]  database/db_client_test.go
[go.mongodb.org/mongo-driver/bson type M]  database/db_client_test.go
[function CloseDB] database/db_client.go database/db_client_test.go
[testing method T Run]  database/db_client_test.go
[go.mongodb.org/mongo-driver/mongo method Collection InsertOne]  database/db_client_test.go
[context function TODO]  database/db_client_test.go
====================[90m17:19:16[0m [31mERR[0m [go_impl_db.go:351] [1mdefinition found more than one[0m [36msize=[0m2 [36museinfo keyword=[0m["type","FileOps"]
[90m17:19:16[0m [32mINF[0m [go_impl_db.go:348] [1mdefinition not found[0m [36museinfo keyword=[0m["method","Node","Child"]
[90m17:19:16[0m [31mERR[0m [go_impl_db.go:351] [1mdefinition found more than one[0m [36msize=[0m2 [36museinfo keyword=[0m["type","AstNodeOps"]
[90m17:19:16[0m [32mINF[0m [go_impl_db.go:348] [1mdefinition not found[0m [36museinfo keyword=[0m["method","Node","AddChild"]
[90m17:19:16[0m [31mERR[0m [go_impl_db.go:351] [1mdefinition found more than one[0m [36msize=[0m2 [36museinfo keyword=[0m["type","Node"]
[90m17:19:16[0m [31mERR[0m [go_impl_db.go:351] [1mdefinition found more than one[0m [36msize=[0m2 [36museinfo keyword=[0m["type","NodeOps"]
[90m17:19:16[0m [31mERR[0m [go_impl_db.go:351] [1mdefinition found more than one[0m [36msize=[0m2 [36museinfo keyword=[0m["function","WalkAst"]
[90m17:19:16[0m [31mERR[0m [go_impl_db.go:351] [1mdefinition found more than one[0m [36msize=[0m2 [36museinfo keyword=[0m["type","Dir"]
[90m17:19:16[0m [31mERR[0m [go_impl_db.go:351] [1mdefinition found more than one[0m [36msize=[0m2 [36museinfo keyword=[0m["type","Node"]
[90m17:19:16[0m [31mERR[0m [go_impl_db.go:351] [1mdefinition found more than one[0m [36msize=[0m2 [36museinfo keyword=[0m["type","File"]
[90m17:19:16[0m [32mINF[0m [go_impl_db.go:348] [1mdefinition not found[0m [36museinfo keyword=[0m["method","Node","AddExternalNode"]
[90m17:19:16[0m [31mERR[0m [go_impl_db.go:351] [1mdefinition found more than one[0m [36msize=[0m2 [36museinfo keyword=[0m["function","GenIgnoreOps"]
[90m17:19:16[0m [31mERR[0m [go_impl_db.go:351] [1mdefinition found more than one[0m [36msize=[0m2 [36museinfo keyword=[0m["function","CommonPrefix"]
[90m17:19:16[0m [31mERR[0m [go_impl_db.go:351] [1mdefinition found more than one[0m [36msize=[0m2 [36museinfo keyword=[0m["function","WalkDirGenNode"]
[90m17:19:16[0m [32mINF[0m [go_impl_db.go:348] [1mdefinition not found[0m [36museinfo keyword=[0m["method","Node","Key"]
[90m17:19:16[0m [31mERR[0m [go_impl_db.go:351] [1mdefinition found more than one[0m [36msize=[0m2 [36museinfo keyword=[0m["function","WalkNode"]
[90m17:19:16[0m [31mERR[0m [go_impl_db.go:351] [1mdefinition found more than one[0m [36msize=[0m2 [36museinfo keyword=[0m["method","FileFilter","FilterSymlink"]
[90m17:19:16[0m [31mERR[0m [go_impl_db.go:351] [1mdefinition found more than one[0m [36msize=[0m2 [36museinfo keyword=[0m["method","FileFilter","FilterGitIgnore"]
[90m17:19:16[0m [31mERR[0m [go_impl_db.go:351] [1mdefinition found more than one[0m [36msize=[0m2 [36museinfo keyword=[0m["function","NewFilterKV"]
[90m17:19:16[0m [31mERR[0m [go_impl_db.go:351] [1mdefinition found more than one[0m [36msize=[0m2 [36museinfo keyword=[0m["function","GetModulePath"]
[90m17:19:16[0m [31mERR[0m [go_impl_db.go:351] [1mdefinition found more than one[0m [36msize=[0m2 [36museinfo keyword=[0m["method","MongoDBFilterBuilder","AddFilter"]
[90m17:19:16[0m [31mERR[0m [go_impl_db.go:351] [1mdefinition found more than one[0m [36msize=[0m2 [36museinfo keyword=[0m["method","MongoDBFilterBuilder","AddKV"]
[90m17:19:16[0m [31mERR[0m [go_impl_db.go:351] [1mdefinition found more than one[0m [36msize=[0m2 [36museinfo keyword=[0m["function","NewFilter"]
[90m17:19:16[0m [31mERR[0m [go_impl_db.go:351] [1mdefinition found more than one[0m [36msize=[0m2 [36museinfo keyword=[0m["function","NewFilter"]
[90m17:19:16[0m [31mERR[0m [go_impl_db.go:351] [1mdefinition found more than one[0m [36msize=[0m2 [36museinfo keyword=[0m["function","CommonRootDir"]
[90m17:19:16[0m [31mERR[0m [go_impl_db.go:351] [1mdefinition found more than one[0m [36msize=[0m2 [36museinfo keyword=[0m["function","WalkAst"]
[90m17:19:16[0m [31mERR[0m [go_impl_db.go:351] [1mdefinition found more than one[0m [36msize=[0m2 [36museinfo keyword=[0m["method","FileFilter","Keep"]
[90m17:19:16[0m [31mERR[0m [go_impl_db.go:351] [1mdefinition found more than one[0m [36msize=[0m2 [36museinfo keyword=[0m["method","MongoDBFilterBuilder","Build"]
[90m17:19:16[0m [31mERR[0m [go_impl_db.go:351] [1mdefinition found more than one[0m [36msize=[0m2 [36museinfo keyword=[0m["type","BuildCodeBaseCtxOps"]
[90m17:19:16[0m [31mERR[0m [go_impl_db.go:351] [1mdefinition found more than one[0m [36msize=[0m2 [36museinfo keyword=[0m["method","BuildCodeBaseCtxOps","ExtractDefs"]
[90m17:19:16[0m [32mINF[0m [go_impl_db.go:348] [1mdefinition not found[0m [36museinfo keyword=[0m["method","Node","AddChild"]
[90m17:19:16[0m [31mERR[0m [go_impl_db.go:351] [1mdefinition found more than one[0m [36msize=[0m2 [36museinfo keyword=[0m["type","FileOps"]
[90m17:19:16[0m [31mERR[0m [go_impl_db.go:351] [1mdefinition found more than one[0m [36msize=[0m2 [36museinfo keyword=[0m["type","NodeOps"]
[90m17:19:16[0m [32mINF[0m [go_impl_db.go:348] [1mdefinition not found[0m [36museinfo keyword=[0m["method","Node","Child"]
[90m17:19:16[0m [31mERR[0m [go_impl_db.go:351] [1mdefinition found more than one[0m [36msize=[0m2 [36museinfo keyword=[0m["type","Node"]
[90m17:19:16[0m [31mERR[0m [go_impl_db.go:351] [1mdefinition found more than one[0m [36msize=[0m2 [36museinfo keyword=[0m["type","AstNodeOps"]
[90m17:19:16[0m [31mERR[0m [go_impl_db.go:351] [1mdefinition found more than one[0m [36msize=[0m2 [36museinfo keyword=[0m["type","AstNodeOps"]
[90m17:19:16[0m [31mERR[0m [go_impl_db.go:351] [1mdefinition found more than one[0m [36msize=[0m2 [36museinfo keyword=[0m["function","WalkAst"]
[90m17:19:16[0m [31mERR[0m [go_impl_db.go:351] [1mdefinition found more than one[0m [36msize=[0m2 [36museinfo keyword=[0m["type","Node"]
[90m17:19:16[0m [31mERR[0m [go_impl_db.go:351] [1mdefinition found more than one[0m [36msize=[0m2 [36museinfo keyword=[0m["type","FileOps"]
[90m17:19:16[0m [31mERR[0m [go_impl_db.go:351] [1mdefinition found more than one[0m [36msize=[0m2 [36museinfo keyword=[0m["function","GenIgnoreOps"]
[90m17:19:16[0m [31mERR[0m [go_impl_db.go:351] [1mdefinition found more than one[0m [36msize=[0m2 [36museinfo keyword=[0m["function","WalkNode"]
[90m17:19:16[0m [31mERR[0m [go_impl_db.go:351] [1mdefinition found more than one[0m [36msize=[0m2 [36museinfo keyword=[0m["function","WalkDirGenNode"]
[90m17:19:16[0m [31mERR[0m [go_impl_db.go:351] [1mdefinition found more than one[0m [36msize=[0m2 [36museinfo keyword=[0m["function","WalkDirGenNode"]
[90m17:19:16[0m [32mINF[0m [go_impl_db.go:348] [1mdefinition not found[0m [36museinfo keyword=[0m["method","Node","Key"]
[90m17:19:16[0m [31mERR[0m [go_impl_db.go:351] [1mdefinition found more than one[0m [36msize=[0m2 [36museinfo keyword=[0m["type","Node"]
[90m17:19:16[0m [31mERR[0m [go_impl_db.go:351] [1mdefinition found more than one[0m [36msize=[0m2 [36museinfo keyword=[0m["type","File"]
[90m17:19:16[0m [31mERR[0m [go_impl_db.go:351] [1mdefinition found more than one[0m [36msize=[0m2 [36museinfo keyword=[0m["function","WalkAst"]
[90m17:19:16[0m [32mINF[0m [go_impl_db.go:348] [1mdefinition not found[0m [36museinfo keyword=[0m["method","Node","AddExternalNode"]
[90m17:19:16[0m [31mERR[0m [go_impl_db.go:351] [1mdefinition found more than one[0m [36msize=[0m2 [36museinfo keyword=[0m["function","CommonPrefix"]
[90m17:19:16[0m [31mERR[0m [go_impl_db.go:351] [1mdefinition found more than one[0m [36msize=[0m2 [36museinfo keyword=[0m["type","Dir"]
[90m17:19:16[0m [31mERR[0m [go_impl_db.go:351] [1mdefinition found more than one[0m [36msize=[0m2 [36museinfo keyword=[0m["function","WalkNode"]
[90m17:19:16[0m [31mERR[0m [go_impl_db.go:351] [1mdefinition found more than one[0m [36msize=[0m2 [36museinfo keyword=[0m["function","GenIgnoreOps"]
[90m17:19:16[0m [31mERR[0m [go_impl_db.go:351] [1mdefinition found more than one[0m [36msize=[0m2 [36museinfo keyword=[0m["function","WalkAst"]
[90m17:19:16[0m [31mERR[0m [go_impl_db.go:351] [1mdefinition found more than one[0m [36msize=[0m2 [36museinfo keyword=[0m["method","FileFilter","Keep"]
[90m17:19:16[0m [31mERR[0m [go_impl_db.go:351] [1mdefinition found more than one[0m [36msize=[0m2 [36museinfo keyword=[0m["function","CommonRootDir"]
[90m17:19:16[0m [31mERR[0m [go_impl_db.go:351] [1mdefinition found more than one[0m [36msize=[0m2 [36museinfo keyword=[0m["method","FileFilter","FilterGitIgnore"]
[90m17:19:16[0m [31mERR[0m [go_impl_db.go:351] [1mdefinition found more than one[0m [36msize=[0m2 [36museinfo keyword=[0m["function","NewFilterKV"]
[90m17:19:16[0m [31mERR[0m [go_impl_db.go:351] [1mdefinition found more than one[0m [36msize=[0m2 [36museinfo keyword=[0m["method","MongoDBFilterBuilder","AddKV"]
[90m17:19:16[0m [31mERR[0m [go_impl_db.go:351] [1mdefinition found more than one[0m [36msize=[0m2 [36museinfo keyword=[0m["function","NewFilter"]
[90m17:19:16[0m [31mERR[0m [go_impl_db.go:351] [1mdefinition found more than one[0m [36msize=[0m2 [36museinfo keyword=[0m["method","FileFilter","FilterSymlink"]
[90m17:19:16[0m [31mERR[0m [go_impl_db.go:351] [1mdefinition found more than one[0m [36msize=[0m2 [36museinfo keyword=[0m["function","GetModulePath"]
[90m17:19:16[0m [31mERR[0m [go_impl_db.go:351] [1mdefinition found more than one[0m [36msize=[0m2 [36museinfo keyword=[0m["function","NewFilter"]
[90m17:19:16[0m [31mERR[0m [go_impl_db.go:351] [1mdefinition found more than one[0m [36msize=[0m2 [36museinfo keyword=[0m["method","MongoDBFilterBuilder","AddFilter"]
[90m17:19:16[0m [31mERR[0m [go_impl_db.go:351] [1mdefinition found more than one[0m [36msize=[0m2 [36museinfo keyword=[0m["method","MongoDBFilterBuilder","Build"]
[90m17:19:16[0m [31mERR[0m [go_impl_db.go:351] [1mdefinition found more than one[0m [36msize=[0m2 [36museinfo keyword=[0m["type","Definition"]
[90m17:19:16[0m [31mERR[0m [go_impl_db.go:351] [1mdefinition found more than one[0m [36msize=[0m2 [36museinfo keyword=[0m["function","CloseDB"]
[90m17:19:16[0m [31mERR[0m [go_impl_db.go:351] [1mdefinition found more than one[0m [36msize=[0m2 [36museinfo keyword=[0m["function","genDefFilter"]
[90m17:19:16[0m [31mERR[0m [go_impl_db.go:351] [1mdefinition found more than one[0m [36msize=[0m2 [36museinfo keyword=[0m["method","BuildCodeBaseCtxOps","findDefs"]
[90m17:19:16[0m [31mERR[0m [go_impl_db.go:351] [1mdefinition found more than one[0m [36msize=[0m2 [36museinfo keyword=[0m["function","InitDB"]
[90m17:19:16[0m [31mERR[0m [go_impl_db.go:351] [1mdefinition found more than one[0m [36msize=[0m2 [36museinfo keyword=[0m["function","GetDBClient"]
[90m17:19:16[0m [31mERR[0m [go_impl_db.go:351] [1mdefinition found more than one[0m [36msize=[0m2 [36museinfo keyword=[0m["type","BuildCodeBaseCtxOps"]
[90m17:19:16[0m [31mERR[0m [go_impl_db.go:351] [1mdefinition found more than one[0m [36msize=[0m2 [36museinfo keyword=[0m["method","fileSymExtractOps","extractSymbol"]
[90m17:19:16[0m [31mERR[0m [go_impl_db.go:351] [1mdefinition found more than one[0m [36msize=[0m2 [36museinfo keyword=[0m["type","Definition"]
[90m17:19:16[0m [31mERR[0m [go_impl_db.go:351] [1mdefinition found more than one[0m [36msize=[0m2 [36museinfo keyword=[0m["type","fileSymExtractOps"]
[90m17:19:16[0m [31mERR[0m [go_impl_db.go:351] [1mdefinition found more than one[0m [36msize=[0m2 [36museinfo keyword=[0m["function","BuildCodeBase"]
[90m17:19:16[0m [31mERR[0m [go_impl_db.go:351] [1mdefinition found more than one[0m [36msize=[0m2 [36museinfo keyword=[0m["function","CloseDB"]
[90m17:19:16[0m [31mERR[0m [go_impl_db.go:351] [1mdefinition found more than one[0m [36msize=[0m2 [36museinfo keyword=[0m["type","BuildCodeBaseCtxOps"]
[90m17:19:16[0m [31mERR[0m [go_impl_db.go:351] [1mdefinition found more than one[0m [36msize=[0m2 [36museinfo keyword=[0m["function","GetDBClient"]
[90m17:19:16[0m [31mERR[0m [go_impl_db.go:351] [1mdefinition found more than one[0m [36msize=[0m2 [36museinfo keyword=[0m["function","InitDB"]
[90m17:19:16[0m [31mERR[0m [go_impl_db.go:351] [1mdefinition found more than one[0m [36msize=[0m2 [36museinfo keyword=[0m["type","CodeBase"]
[90m17:19:16[0m [31mERR[0m [go_impl_db.go:351] [1mdefinition found more than one[0m [36msize=[0m2 [36museinfo keyword=[0m["method","BuildCodeBaseCtxOps","ExtractDefs"]
[90m17:19:16[0m [31mERR[0m [go_impl_db.go:351] [1mdefinition found more than one[0m [36msize=[0m2 [36museinfo keyword=[0m["method","Definition","AddKeyword"]
[90m17:19:16[0m [31mERR[0m [go_impl_db.go:351] [1mdefinition found more than one[0m [36msize=[0m2 [36museinfo keyword=[0m["function","InitDB"]
[90m17:19:16[0m [31mERR[0m [go_impl_db.go:351] [1mdefinition found more than one[0m [36msize=[0m2 [36museinfo keyword=[0m["function","GetDBClient"]
[90m17:19:16[0m [31mERR[0m [go_impl_db.go:351] [1mdefinition found more than one[0m [36msize=[0m2 [36museinfo keyword=[0m["function","CloseDB"]
[package common] 
[import] 
[type AstNodeOps] 
[type FileOps] 
[type NodeOps] 
[type Node] 
[type File] 
[method File Child] 
[method File AddChild] 
[method File Key] 
[method File ExtNode] 
[method File AddExternalNode] 
[type Dir] 
[method Dir Child] 
[method Dir AddChild] 
[method Dir Key] 
[method Dir ExtNode] 
[method Dir AddExternalNode] 
[package common] 
[import] 
[function WalkAst] 
[function GenIgnoreOps] 
[function WalkDirGenNode] 
[function walkDir] 
[function WalkNode] 
[function CommonPrefix] 
[type FileFilter] 
[function NewFilter] 
[method FileFilter Keep] 
[method FileFilter FilterGitIgnore] 
[method FileFilter FilterSymlink] 
[method FileFilter FilterDir] 
[function GetModulePath] 
[function CommonRootDir] 
[package common] 
[import] 
[function Test_walk] 
[type simpleNode] 
[method simpleNode Child] 
[method simpleNode AddChild] 
[method simpleNode Key] 
[method simpleNode ExtNode] 
[method simpleNode AddExternalNode] 
[function TestWalkDirGenTreeNode] 
[package impl] 
[import] 
[type CodeBase] 
[method CodeBase debugExternalNode] 
[method CodeBase markExternal] 
[method CodeBase addExternalNode] 
[method CodeBase buildMapOp] 
[method CodeBase constructNode] 
[method CodeBase constructNodeMap] 
[method CodeBase tryInsertNode] 
[method CodeBase createNodeOp] 
[function BuildCodeBase] 
[function parseGoFile] 
[type symbolGo] 
[method symbolGo Child] 
[method symbolGo AddChild] 
[method symbolGo Key] 
[method symbolGo ExtNode] 
[method symbolGo AddExternalNode] 
[type pos] 
[function NewPos] 
[type fileSymExtractOps] 
[method fileSymExtractOps getString] 
[method fileSymExtractOps nodeOps] 
[method fileSymExtractOps extractSymbol] 
[package impl] 
[import] 
[type ContentRange] 
[type TypeInfo] 
[method TypeInfo genIDFilter] 
[method TypeInfo genFilterForDef] 
[method TypeInfo addKeyword] 
[type Definition] 
[function genDefFilter] 
[method Definition getValue] 
[method Definition genUpdate] 
[method Definition genIDFilter] 
[method Definition AddKeyword] 
[type FileDirInfo] 
[type BuildCodeBaseCtxOps] 
[method BuildCodeBaseCtxOps ExtractDefs] 
[method BuildCodeBaseCtxOps genFileMap] 
[method BuildCodeBaseCtxOps genAllUseInfo] 
[method BuildCodeBaseCtxOps genAllDefs] 
[method BuildCodeBaseCtxOps setMinPrefix] 
[function ToAnySlice] 
[method BuildCodeBaseCtxOps insertUsedTypeInfo] 
[method BuildCodeBaseCtxOps insertDefs] 
[method BuildCodeBaseCtxOps findDefs] 
[type typeAstCtx] 
[method BuildCodeBaseCtxOps walkProjectTypeAst] 
[type StaticAstCtx] 
[method BuildCodeBaseCtxOps walkPojectStaticAst] 
[type fileTreeCtx] 
[method BuildCodeBaseCtxOps walkProjectFileTree] 
[package impl] 
[import] 
[function TestBuildCodeBaseCtxOps_findDefs] 
[package impl] 
[import] 
[function Test_fileSymExtractOps_extractSymbol] 
[function Test_goTypeChecker] 
[function Test_parseProject] 
[function Test_WalkDir] 
[function TestBuildCodeBase] 
[function TestStringScan] 
[function TestBuildCodeBaseCtxOps_ExtractDefs] 
[function TestInsertSearchDefs] 
[function TestTextIndex] 
[function TestArrayIndex] 
[package codebase] 
[import] 
[function travelTs] 
[package database] 
[import] 
[var client *mongo.Client] 
[var uri string] 
[function InitDB] 
[function GetDBClient] 
[function CloseDB] 
[package database_test] 
[import] 
[function TestDBConnect] 
[type Test] 
[function TestInsetFind] 
[package database] 
[import] 
[type DataBase] 
[type MongoDBFilterBuilder] 
[function NewFilter] 
[function NewFilterKV] 
[method MongoDBFilterBuilder Build] 
[method MongoDBFilterBuilder AddKV] 
[method MongoDBFilterBuilder AddFilter] 
[package main] 
[import] 
[var sss string] 
[function main] 
[package utils] 
[import] 
[var MyInt int] 
[function init] 
[package common] 
[import] 
[type AstNodeOps] 
[type FileOps] 
[type NodeOps] 
[type Node] 
[type File] 
[method File Child] 
[method File AddChild] 
[method File Key] 
[method File ExtNode] 
[method File AddExternalNode] 
[type Dir] 
[method Dir Child] 
[method Dir AddChild] 
[method Dir Key] 
[method Dir ExtNode] 
[method Dir AddExternalNode] 
[package common] 
[import] 
[function WalkAst] 
[function GenIgnoreOps] 
[function WalkDirGenNode] 
[function walkDir] 
[function WalkNode] 
[function CommonPrefix] 
[type FileFilter] 
[function NewFilter] 
[method FileFilter Keep] 
[method FileFilter FilterGitIgnore] 
[method FileFilter FilterSymlink] 
[method FileFilter FilterDir] 
[function GetModulePath] 
[function CommonRootDir] 
[package common] 
[import] 
[function Test_walk] 
[type simpleNode] 
[method simpleNode Child] 
[method simpleNode AddChild] 
[method simpleNode Key] 
[method simpleNode ExtNode] 
[method simpleNode AddExternalNode] 
[function TestWalkDirGenTreeNode] 
[package impl] 
[import] 
[type CodeBase] 
[method CodeBase debugExternalNode] 
[method CodeBase markExternal] 
[method CodeBase addExternalNode] 
[method CodeBase buildMapOp] 
[method CodeBase constructNode] 
[method CodeBase constructNodeMap] 
[method CodeBase tryInsertNode] 
[method CodeBase createNodeOp] 
[function BuildCodeBase] 
[function parseGoFile] 
[type symbolGo] 
[method symbolGo Child] 
[method symbolGo AddChild] 
[method symbolGo Key] 
[method symbolGo ExtNode] 
[method symbolGo AddExternalNode] 
[type pos] 
[function NewPos] 
[type fileSymExtractOps] 
[method fileSymExtractOps getString] 
[method fileSymExtractOps nodeOps] 
[method fileSymExtractOps extractSymbol] 
[package impl] 
[import] 
[type ContentRange] 
[type TypeInfo] 
[method TypeInfo genIDFilter] 
[method TypeInfo genFilterForDef] 
[method TypeInfo addKeyword] 
[type Definition] 
[function genDefFilter] 
[method Definition getValue] 
[method Definition genUpdate] 
[method Definition genIDFilter] 
[method Definition AddKeyword] 
[type FileDirInfo] 
[type BuildCodeBaseCtxOps] 
[method BuildCodeBaseCtxOps ExtractDefs] 
[method BuildCodeBaseCtxOps genFileMap] 
[method BuildCodeBaseCtxOps genAllUseInfo] 
[method BuildCodeBaseCtxOps genAllDefs] 
[method BuildCodeBaseCtxOps setMinPrefix] 
[function ToAnySlice] 
[method BuildCodeBaseCtxOps insertUsedTypeInfo] 
[method BuildCodeBaseCtxOps insertDefs] 
[method BuildCodeBaseCtxOps findDefs] 
[type typeAstCtx] 
[method BuildCodeBaseCtxOps walkProjectTypeAst] 
[type StaticAstCtx] 
[method BuildCodeBaseCtxOps walkPojectStaticAst] 
[type fileTreeCtx] 
[method BuildCodeBaseCtxOps walkProjectFileTree] 
[package impl] 
[import] 
[function TestBuildCodeBaseCtxOps_findDefs] 
[package impl] 
[import] 
[function Test_fileSymExtractOps_extractSymbol] 
[function Test_goTypeChecker] 
[function Test_parseProject] 
[function Test_WalkDir] 
[function TestBuildCodeBase] 
[function TestStringScan] 
[function TestBuildCodeBaseCtxOps_ExtractDefs] 
[function TestInsertSearchDefs] 
[function TestTextIndex] 
[function TestArrayIndex] 
[package codebase] 
[import] 
[function travelTs] 
[package database] 
[import] 
[var client *mongo.Client] 
[var uri string] 
[function InitDB] 
[function GetDBClient] 
[function CloseDB] 
[package database_test] 
[import] 
[function TestDBConnect] 
[type Test] 
[function TestInsetFind] 
[package database] 
[import] 
[type DataBase] 
[type MongoDBFilterBuilder] 
[function NewFilter] 
[function NewFilterKV] 
[method MongoDBFilterBuilder Build] 
[method MongoDBFilterBuilder AddKV] 
[method MongoDBFilterBuilder AddFilter] 
[package main] 
[import] 
[var sss string] 
[function main] 
[package utils] 
[import] 
[var MyInt int] 
[function init] 
[90m17:19:16[0m [32mINF[0m [../../database/db_client.go:51] [1mdisconnect to mongodb[0m [36muri=[0mmongodb://localhost:27017
--- PASS: TestBuildCodeBaseCtxOps_ExtractDefs (0.20s)
    --- PASS: TestBuildCodeBaseCtxOps_ExtractDefs/test_build_code_base_extract_definition (0.20s)
PASS
ok  	llm_dev/codebase/impl	0.207s
